[2m2025-12-07T12:36:32.366274Z[0m [[32m[1minfo     [0m] [1mStarting the Dag Processor Job[0m [[0m[1m[34mairflow.jobs.dag_processor_job_runner.DagProcessorJobRunner[0m][0m [36mloc[0m=[35mdag_processor_job_runner.py:59[0m
[2m2025-12-07T12:36:32.369146Z[0m [[32m[1minfo     [0m] [1mProcessing files using up to 2 processes at a time [0m [[0m[1m[34mairflow.dag_processing.manager.DagFileProcessorManager[0m][0m [36mloc[0m=[35mmanager.py:265[0m
[2m2025-12-07T12:36:32.369859Z[0m [[32m[1minfo     [0m] [1mProcess each file at most once every 30 seconds[0m [[0m[1m[34mairflow.dag_processing.manager.DagFileProcessorManager[0m][0m [36mloc[0m=[35mmanager.py:266[0m
[2m2025-12-07T12:36:32.371509Z[0m [[32m[1minfo     [0m] [1mDAG bundles loaded: dags-folder[0m [[0m[1m[34mairflow.dag_processing.bundles.manager.DagBundlesManager[0m][0m [36mloc[0m=[35mmanager.py:179[0m
[2m2025-12-07T12:36:32.383731Z[0m [[32m[1minfo     [0m] [1mDAG bundles loaded: dags-folder[0m [[0m[1m[34mairflow.dag_processing.bundles.manager.DagBundlesManager[0m][0m [36mloc[0m=[35mmanager.py:179[0m
[2m2025-12-07T12:36:32.384147Z[0m [[32m[1minfo     [0m] [1mChecking for new files in bundle dags-folder every 300 seconds[0m [[0m[1m[34mairflow.dag_processing.manager.DagFileProcessorManager[0m][0m [36mloc[0m=[35mmanager.py:276[0m
[2m2025-12-07T12:36:32.395079Z[0m [[32m[1minfo     [0m] [1mRefreshing bundle dags-folder [0m [[0m[1m[34mairflow.dag_processing.manager.DagFileProcessorManager[0m][0m [36mloc[0m=[35mmanager.py:553[0m
[2m2025-12-07T12:36:32.399806Z[0m [[32m[1minfo     [0m] [1mSearching for files in dags-folder at /workspaces/hands-on-introduction-data-engineering-4395021/airflow/dags[0m [[0m[1m[34mairflow.dag_processing.manager.DagFileProcessorManager[0m][0m [36mloc[0m=[35mmanager.py:604[0m
[2m2025-12-07T12:36:32.401314Z[0m [[32m[1minfo     [0m] [1mFound 2 files for bundle dags-folder[0m [[0m[1m[34mairflow.dag_processing.manager.DagFileProcessorManager[0m][0m [36mloc[0m=[35mmanager.py:606[0m
[2m2025-12-07T12:36:33.138033Z[0m [[31m[1merror    [0m] [1mException when executing DagProcessorJob[0m [[0m[1m[34mairflow.jobs.dag_processor_job_runner.DagProcessorJobRunner[0m][0m [36mloc[0m=[35mdag_processor_job_runner.py:63[0m
Traceback (most recent call last):
  File "/home/vscode/.local/lib/python3.10/site-packages/airflow/jobs/dag_processor_job_runner.py", line 61, in _execute
    self.processor.run()
  File "/home/vscode/.local/lib/python3.10/site-packages/airflow/dag_processing/manager.py", line 282, in run
    return self._run_parsing_loop()
  File "/home/vscode/.local/lib/python3.10/site-packages/airflow/dag_processing/manager.py", line 367, in _run_parsing_loop
    self._start_new_processes()
  File "/home/vscode/.local/lib/python3.10/site-packages/airflow/dag_processing/manager.py", line 939, in _start_new_processes
    processor = self._create_process(file)
  File "/home/vscode/.local/lib/python3.10/site-packages/airflow/dag_processing/manager.py", line 920, in _create_process
    return DagFileProcessorProcess.start(
  File "/home/vscode/.local/lib/python3.10/site-packages/airflow/dag_processing/processor.py", line 509, in start
    proc: Self = super().start(target=target, client=client, **kwargs)
  File "/home/vscode/.local/lib/python3.10/site-packages/airflow/sdk/execution_time/supervisor.py", line 515, in start
    proc._register_pipe_readers(
  File "/home/vscode/.local/lib/python3.10/site-packages/airflow/sdk/execution_time/supervisor.py", line 550, in _register_pipe_readers
    self.selector.register(
  File "/usr/local/lib/python3.10/selectors.py", line 360, in register
    self._selector.register(key.fd, poller_events)
OSError: [Errno 22] Invalid argument
