[1;33m/home/vscode/.local/lib/python3.10/site-packages/airflow/api_fastapi/execution_api/routes/[0m[1;33m__init__.py[0m[1;33m:[0m[1;33m23[0m[1;33m DeprecationWarning[0m[33m: [0m[33m'HTTP_422_UNPROCESSABLE_ENTITY'[0m[33m is deprecated. Use [0m[33m'HTTP_422_UNPROCESSABLE_CONTENT'[0m[33m instead.[0m
Traceback (most recent call last):
  File "/home/vscode/.local/bin/airflow", line 7, in <module>
    sys.exit(main())
  File "/home/vscode/.local/lib/python3.10/site-packages/airflow/__main__.py", line 55, in main
    args.func(args)
  File "/home/vscode/.local/lib/python3.10/site-packages/airflow/cli/cli_config.py", line 49, in command
    return func(*args, **kwargs)
  File "/home/vscode/.local/lib/python3.10/site-packages/airflow/utils/cli.py", line 114, in wrapper
    return f(*args, **kwargs)
  File "/home/vscode/.local/lib/python3.10/site-packages/airflow/utils/providers_configuration_loader.py", line 54, in wrapped_function
    return func(*args, **kwargs)
  File "/home/vscode/.local/lib/python3.10/site-packages/airflow/cli/commands/dag_processor_command.py", line 53, in dag_processor
    run_command_with_daemon_option(
  File "/home/vscode/.local/lib/python3.10/site-packages/airflow/cli/commands/daemon_utils.py", line 81, in run_command_with_daemon_option
    callback()
  File "/home/vscode/.local/lib/python3.10/site-packages/airflow/cli/commands/dag_processor_command.py", line 56, in <lambda>
    callback=lambda: run_job(job=job_runner.job, execute_callable=job_runner._execute),
  File "/home/vscode/.local/lib/python3.10/site-packages/airflow/utils/session.py", line 100, in wrapper
    return func(*args, session=session, **kwargs)
  File "/home/vscode/.local/lib/python3.10/site-packages/airflow/jobs/job.py", line 368, in run_job
    return execute_job(job, execute_callable=execute_callable)
  File "/home/vscode/.local/lib/python3.10/site-packages/airflow/jobs/job.py", line 397, in execute_job
    ret = execute_callable()
  File "/home/vscode/.local/lib/python3.10/site-packages/airflow/jobs/dag_processor_job_runner.py", line 61, in _execute
    self.processor.run()
  File "/home/vscode/.local/lib/python3.10/site-packages/airflow/dag_processing/manager.py", line 282, in run
    return self._run_parsing_loop()
  File "/home/vscode/.local/lib/python3.10/site-packages/airflow/dag_processing/manager.py", line 367, in _run_parsing_loop
    self._start_new_processes()
  File "/home/vscode/.local/lib/python3.10/site-packages/airflow/dag_processing/manager.py", line 939, in _start_new_processes
    processor = self._create_process(file)
  File "/home/vscode/.local/lib/python3.10/site-packages/airflow/dag_processing/manager.py", line 920, in _create_process
    return DagFileProcessorProcess.start(
  File "/home/vscode/.local/lib/python3.10/site-packages/airflow/dag_processing/processor.py", line 509, in start
    proc: Self = super().start(target=target, client=client, **kwargs)
  File "/home/vscode/.local/lib/python3.10/site-packages/airflow/sdk/execution_time/supervisor.py", line 515, in start
    proc._register_pipe_readers(
  File "/home/vscode/.local/lib/python3.10/site-packages/airflow/sdk/execution_time/supervisor.py", line 550, in _register_pipe_readers
    self.selector.register(
  File "/usr/local/lib/python3.10/selectors.py", line 360, in register
    self._selector.register(key.fd, poller_events)
OSError: [Errno 22] Invalid argument
--- Supervised process Last chance exception handler ---
Traceback (most recent call last):
  File "/home/vscode/.local/lib/python3.10/site-packages/airflow/sdk/execution_time/supervisor.py", line 387, in _fork_main
    target()
  File "/home/vscode/.local/lib/python3.10/site-packages/airflow/dag_processing/processor.py", line 187, in _parse_file_entrypoint
    msg = comms_decoder._get_response()
  File "/home/vscode/.local/lib/python3.10/site-packages/airflow/sdk/execution_time/comms.py", line 270, in _get_response
    frame = self._read_frame()
  File "/home/vscode/.local/lib/python3.10/site-packages/airflow/sdk/execution_time/comms.py", line 234, in _read_frame
    raise EOFError("Request socket closed before length")
EOFError: Request socket closed before length
